// Jest Snapshot v1, https://goo.gl/fbAQLP

exports[`App should render correctly 1`] = `
<Switch>
  <Route
    component={[Function]}
    exact={true}
    path="/"
  />
  <Route
    component={[Function]}
    path="/pokemon-list"
  />
  <Route
    component={[Function]}
    path="/pokedex"
  />
  <Route
    component={[Function]}
    path="/pokemon-detail/:name"
  />
</Switch>
`;
